demo button clicked: true
authenticated workspace reached: true
workspace state: {"sidebarTabs":["Chats","Documents"],"newChat":{"bg":"rgba(0, 0, 0, 0)","color":"rgb(255, 255, 255)","border":"rgba(255, 255, 255, 0.25)","radius":"3.35544e+07px"},"workspaceName":null,"docCount":0}
textarea focused after click: true
typed value in textarea: "hi"
submitted
poll 0 {"user":true,"card":true,"len":23,"streaming":false,"alert":"Workspace not found."}
!! thread went empty at poll 1
round trip result: {"userMsg":false,"hasCard":false,"len":0,"cardText":"","streaming":false,"alert":"","emptyAgain":true,"emptied":true}
API traffic: [
 {
  "url": "/demo/enter",
  "status": 200
 },
 {
  "url": "/demo/enter",
  "status": 200
 },
 {
  "url": "/me",
  "status": 200
 },
 {
  "url": "/me",
  "status": 200
 },
 {
  "url": "/chat/sessions",
  "status": 200
 },
 {
  "url": "/documents",
  "status": 200
 },
 {
  "url": "/documents",
  "status": 404
 },
 {
  "url": "/chat/sessions",
  "status": 200
 },
 {
  "url": "/workspaces",
  "status": 200
 },
 {
  "url": "/documents",
  "status": 404
 },
 {
  "url": "/workspaces",
  "status": 200
 },
 {
  "url": "/chat/sessions",
  "status": 200
 },
 {
  "url": "/workspaces",
  "status": 200
 },
 {
  "url": "/chat/sessions",
  "status": 200
 },
 {
  "url": "/chat",
  "status": 200
 },
 {
  "url": "/workspaces",
  "status": 200
 },
 {
  "url": "/chat",
  "status": "LOAD_FAILED"
 },
 {
  "url": "/workspaces",
  "status": 200
 },
 {
  "url": "/documents",
  "status": 200
 },
 {
  "url": "/workspaces",
  "status": 200
 }
]
